Archive member included to satisfy reference by file (symbol)

c:/st/stm32cubeide_1.6.0/stm32cubeide/plugins/com.st.stm32cube.ide.mcu.externaltools.gnu-tools-for-stm32.9-2020-q2-update.win32_1.5.0.202011040924/tools/bin/../lib/gcc/arm-none-eabi/9.3.1/../../../../arm-none-eabi/lib/thumb/v7e-m+fp/hard\libc_nano.a(lib_a-errno.o)
                              Core/Src/syscalls.o (__errno)
c:/st/stm32cubeide_1.6.0/stm32cubeide/plugins/com.st.stm32cube.ide.mcu.externaltools.gnu-tools-for-stm32.9-2020-q2-update.win32_1.5.0.202011040924/tools/bin/../lib/gcc/arm-none-eabi/9.3.1/../../../../arm-none-eabi/lib/thumb/v7e-m+fp/hard\libc_nano.a(lib_a-exit.o)
                              c:/st/stm32cubeide_1.6.0/stm32cubeide/plugins/com.st.stm32cube.ide.mcu.externaltools.gnu-tools-for-stm32.9-2020-q2-update.win32_1.5.0.202011040924/tools/bin/../lib/gcc/arm-none-eabi/9.3.1/../../../../arm-none-eabi/lib/thumb/v7e-m+fp/hard/crt0.o (exit)
c:/st/stm32cubeide_1.6.0/stm32cubeide/plugins/com.st.stm32cube.ide.mcu.externaltools.gnu-tools-for-stm32.9-2020-q2-update.win32_1.5.0.202011040924/tools/bin/../lib/gcc/arm-none-eabi/9.3.1/../../../../arm-none-eabi/lib/thumb/v7e-m+fp/hard\libc_nano.a(lib_a-impure.o)
                              c:/st/stm32cubeide_1.6.0/stm32cubeide/plugins/com.st.stm32cube.ide.mcu.externaltools.gnu-tools-for-stm32.9-2020-q2-update.win32_1.5.0.202011040924/tools/bin/../lib/gcc/arm-none-eabi/9.3.1/../../../../arm-none-eabi/lib/thumb/v7e-m+fp/hard\libc_nano.a(lib_a-exit.o) (_global_impure_ptr)
c:/st/stm32cubeide_1.6.0/stm32cubeide/plugins/com.st.stm32cube.ide.mcu.externaltools.gnu-tools-for-stm32.9-2020-q2-update.win32_1.5.0.202011040924/tools/bin/../lib/gcc/arm-none-eabi/9.3.1/../../../../arm-none-eabi/lib/thumb/v7e-m+fp/hard\libc_nano.a(lib_a-init.o)
                              c:/st/stm32cubeide_1.6.0/stm32cubeide/plugins/com.st.stm32cube.ide.mcu.externaltools.gnu-tools-for-stm32.9-2020-q2-update.win32_1.5.0.202011040924/tools/bin/../lib/gcc/arm-none-eabi/9.3.1/../../../../arm-none-eabi/lib/thumb/v7e-m+fp/hard/crt0.o (__libc_init_array)
c:/st/stm32cubeide_1.6.0/stm32cubeide/plugins/com.st.stm32cube.ide.mcu.externaltools.gnu-tools-for-stm32.9-2020-q2-update.win32_1.5.0.202011040924/tools/bin/../lib/gcc/arm-none-eabi/9.3.1/../../../../arm-none-eabi/lib/thumb/v7e-m+fp/hard\libc_nano.a(lib_a-memset.o)
                              c:/st/stm32cubeide_1.6.0/stm32cubeide/plugins/com.st.stm32cube.ide.mcu.externaltools.gnu-tools-for-stm32.9-2020-q2-update.win32_1.5.0.202011040924/tools/bin/../lib/gcc/arm-none-eabi/9.3.1/../../../../arm-none-eabi/lib/thumb/v7e-m+fp/hard/crt0.o (memset)
c:/st/stm32cubeide_1.6.0/stm32cubeide/plugins/com.st.stm32cube.ide.mcu.externaltools.gnu-tools-for-stm32.9-2020-q2-update.win32_1.5.0.202011040924/tools/bin/../lib/gcc/arm-none-eabi/9.3.1/thumb/v7e-m+fp/hard\libgcc.a(_aeabi_uldivmod.o)
                              Drivers/STM32F4xx_HAL_Driver/Src/stm32f4xx_hal_rcc.o (__aeabi_uldivmod)
c:/st/stm32cubeide_1.6.0/stm32cubeide/plugins/com.st.stm32cube.ide.mcu.externaltools.gnu-tools-for-stm32.9-2020-q2-update.win32_1.5.0.202011040924/tools/bin/../lib/gcc/arm-none-eabi/9.3.1/thumb/v7e-m+fp/hard\libgcc.a(_udivmoddi4.o)
                              c:/st/stm32cubeide_1.6.0/stm32cubeide/plugins/com.st.stm32cube.ide.mcu.externaltools.gnu-tools-for-stm32.9-2020-q2-update.win32_1.5.0.202011040924/tools/bin/../lib/gcc/arm-none-eabi/9.3.1/thumb/v7e-m+fp/hard\libgcc.a(_aeabi_uldivmod.o) (__udivmoddi4)
c:/st/stm32cubeide_1.6.0/stm32cubeide/plugins/com.st.stm32cube.ide.mcu.externaltools.gnu-tools-for-stm32.9-2020-q2-update.win32_1.5.0.202011040924/tools/bin/../lib/gcc/arm-none-eabi/9.3.1/thumb/v7e-m+fp/hard\libgcc.a(_dvmd_tls.o)
                              c:/st/stm32cubeide_1.6.0/stm32cubeide/plugins/com.st.stm32cube.ide.mcu.externaltools.gnu-tools-for-stm32.9-2020-q2-update.win32_1.5.0.202011040924/tools/bin/../lib/gcc/arm-none-eabi/9.3.1/thumb/v7e-m+fp/hard\libgcc.a(_aeabi_uldivmod.o) (__aeabi_ldiv0)

Allocating common symbols
Common symbol       size              file

hdma_tim2_ch1       0x60              Core/Src/main.o
uwTick              0x4               Drivers/STM32F4xx_HAL_Driver/Src/stm32f4xx_hal.o
pFlash              0x20              Drivers/STM32F4xx_HAL_Driver/Src/stm32f4xx_hal_flash.o
htim5               0x48              Core/Src/main.o
htim2               0x48              Core/Src/main.o
huart2              0x44              Core/Src/main.o

Discarded input sections

 .text          0x0000000000000000        0x0 c:/st/stm32cubeide_1.6.0/stm32cubeide/plugins/com.st.stm32cube.ide.mcu.externaltools.gnu-tools-for-stm32.9-2020-q2-update.win32_1.5.0.202011040924/tools/bin/../lib/gcc/arm-none-eabi/9.3.1/thumb/v7e-m+fp/hard/crti.o
[...]
Memory Configuration

Name             Origin             Length             Attributes
RAM              0x0000000020000000 0x0000000000020000 xrw
FLASH            0x0000000008000000 0x0000000000080000 xr
*default*        0x0000000000000000 0xffffffffffffffff

Linker script and memory map

LOAD c:/st/stm32cubeide_1.6.0/stm32cubeide/plugins/com.st.stm32cube.ide.mcu.externaltools.gnu-tools-for-stm32.9-2020-q2-update.win32_1.5.0.202011040924/tools/bin/../lib/gcc/arm-none-eabi/9.3.1/thumb/v7e-m+fp/hard/crti.o
LOAD c:/st/stm32cubeide_1.6.0/stm32cubeide/plugins/com.st.stm32cube.ide.mcu.externaltools.gnu-tools-for-stm32.9-2020-q2-update.win32_1.5.0.202011040924/tools/bin/../lib/gcc/arm-none-eabi/9.3.1/thumb/v7e-m+fp/hard/crtbegin.o
LOAD c:/st/stm32cubeide_1.6.0/stm32cubeide/plugins/com.st.stm32cube.ide.mcu.externaltools.gnu-tools-for-stm32.9-2020-q2-update.win32_1.5.0.202011040924/tools/bin/../lib/gcc/arm-none-eabi/9.3.1/../../../../arm-none-eabi/lib/thumb/v7e-m+fp/hard/crt0.o
LOAD Core/Src/main.o
LOAD Core/Src/stm32f4xx_hal_msp.o
LOAD Core/Src/stm32f4xx_it.o
LOAD Core/Src/syscalls.o
LOAD Core/Src/sysmem.o
LOAD Core/Src/system_stm32f4xx.o
LOAD Core/Startup/startup_stm32f411retx.o
LOAD Drivers/STM32F4xx_HAL_Driver/Src/stm32f4xx_hal.o
LOAD Drivers/STM32F4xx_HAL_Driver/Src/stm32f4xx_hal_cortex.o
LOAD Drivers/STM32F4xx_HAL_Driver/Src/stm32f4xx_hal_dma.o
LOAD Drivers/STM32F4xx_HAL_Driver/Src/stm32f4xx_hal_dma_ex.o
LOAD Drivers/STM32F4xx_HAL_Driver/Src/stm32f4xx_hal_exti.o
LOAD Drivers/STM32F4xx_HAL_Driver/Src/stm32f4xx_hal_flash.o
LOAD Drivers/STM32F4xx_HAL_Driver/Src/stm32f4xx_hal_flash_ex.o
LOAD Drivers/STM32F4xx_HAL_Driver/Src/stm32f4xx_hal_flash_ramfunc.o
LOAD Drivers/STM32F4xx_HAL_Driver/Src/stm32f4xx_hal_gpio.o
LOAD Drivers/STM32F4xx_HAL_Driver/Src/stm32f4xx_hal_pwr.o
LOAD Drivers/STM32F4xx_HAL_Driver/Src/stm32f4xx_hal_pwr_ex.o
LOAD Drivers/STM32F4xx_HAL_Driver/Src/stm32f4xx_hal_rcc.o
LOAD Drivers/STM32F4xx_HAL_Driver/Src/stm32f4xx_hal_rcc_ex.o
LOAD Drivers/STM32F4xx_HAL_Driver/Src/stm32f4xx_hal_tim.o
LOAD Drivers/STM32F4xx_HAL_Driver/Src/stm32f4xx_hal_tim_ex.o
LOAD Drivers/STM32F4xx_HAL_Driver/Src/stm32f4xx_hal_uart.o
START GROUP
LOAD c:/st/stm32cubeide_1.6.0/stm32cubeide/plugins/com.st.stm32cube.ide.mcu.externaltools.gnu-tools-for-stm32.9-2020-q2-update.win32_1.5.0.202011040924/tools/bin/../lib/gcc/arm-none-eabi/9.3.1/../../../../arm-none-eabi/lib/thumb/v7e-m+fp/hard\libc_nano.a
LOAD c:/st/stm32cubeide_1.6.0/stm32cubeide/plugins/com.st.stm32cube.ide.mcu.externaltools.gnu-tools-for-stm32.9-2020-q2-update.win32_1.5.0.202011040924/tools/bin/../lib/gcc/arm-none-eabi/9.3.1/../../../../arm-none-eabi/lib/thumb/v7e-m+fp/hard\libm.a
END GROUP
START GROUP
LOAD c:/st/stm32cubeide_1.6.0/stm32cubeide/plugins/com.st.stm32cube.ide.mcu.externaltools.gnu-tools-for-stm32.9-2020-q2-update.win32_1.5.0.202011040924/tools/bin/../lib/gcc/arm-none-eabi/9.3.1/thumb/v7e-m+fp/hard\libgcc.a
LOAD c:/st/stm32cubeide_1.6.0/stm32cubeide/plugins/com.st.stm32cube.ide.mcu.externaltools.gnu-tools-for-stm32.9-2020-q2-update.win32_1.5.0.202011040924/tools/bin/../lib/gcc/arm-none-eabi/9.3.1/../../../../arm-none-eabi/lib/thumb/v7e-m+fp/hard\libc_nano.a
END GROUP
START GROUP
LOAD c:/st/stm32cubeide_1.6.0/stm32cubeide/plugins/com.st.stm32cube.ide.mcu.externaltools.gnu-tools-for-stm32.9-2020-q2-update.win32_1.5.0.202011040924/tools/bin/../lib/gcc/arm-none-eabi/9.3.1/thumb/v7e-m+fp/hard\libgcc.a
LOAD c:/st/stm32cubeide_1.6.0/stm32cubeide/plugins/com.st.stm32cube.ide.mcu.externaltools.gnu-tools-for-stm32.9-2020-q2-update.win32_1.5.0.202011040924/tools/bin/../lib/gcc/arm-none-eabi/9.3.1/../../../../arm-none-eabi/lib/thumb/v7e-m+fp/hard\libc_nano.a
LOAD c:/st/stm32cubeide_1.6.0/stm32cubeide/plugins/com.st.stm32cube.ide.mcu.externaltools.gnu-tools-for-stm32.9-2020-q2-update.win32_1.5.0.202011040924/tools/bin/../lib/gcc/arm-none-eabi/9.3.1/../../../../arm-none-eabi/lib/thumb/v7e-m+fp/hard\libnosys.a
END GROUP
START GROUP
LOAD c:/st/stm32cubeide_1.6.0/stm32cubeide/plugins/com.st.stm32cube.ide.mcu.externaltools.gnu-tools-for-stm32.9-2020-q2-update.win32_1.5.0.202011040924/tools/bin/../lib/gcc/arm-none-eabi/9.3.1/thumb/v7e-m+fp/hard\libgcc.a
LOAD c:/st/stm32cubeide_1.6.0/stm32cubeide/plugins/com.st.stm32cube.ide.mcu.externaltools.gnu-tools-for-stm32.9-2020-q2-update.win32_1.5.0.202011040924/tools/bin/../lib/gcc/arm-none-eabi/9.3.1/../../../../arm-none-eabi/lib/thumb/v7e-m+fp/hard\libc_nano.a
LOAD c:/st/stm32cubeide_1.6.0/stm32cubeide/plugins/com.st.stm32cube.ide.mcu.externaltools.gnu-tools-for-stm32.9-2020-q2-update.win32_1.5.0.202011040924/tools/bin/../lib/gcc/arm-none-eabi/9.3.1/../../../../arm-none-eabi/lib/thumb/v7e-m+fp/hard\libnosys.a
END GROUP
LOAD c:/st/stm32cubeide_1.6.0/stm32cubeide/plugins/com.st.stm32cube.ide.mcu.externaltools.gnu-tools-for-stm32.9-2020-q2-update.win32_1.5.0.202011040924/tools/bin/../lib/gcc/arm-none-eabi/9.3.1/thumb/v7e-m+fp/hard/crtend.o
LOAD c:/st/stm32cubeide_1.6.0/stm32cubeide/plugins/com.st.stm32cube.ide.mcu.externaltools.gnu-tools-for-stm32.9-2020-q2-update.win32_1.5.0.202011040924/tools/bin/../lib/gcc/arm-none-eabi/9.3.1/thumb/v7e-m+fp/hard/crtn.o
                0x0000000020020000                _estack = (ORIGIN (RAM) + LENGTH (RAM))
                0x0000000000000200                _Min_Heap_Size = 0x200
                0x0000000000000400                _Min_Stack_Size = 0x400

.isr_vector     0x0000000008000000      0x198
                0x0000000008000000                . = ALIGN (0x4)
 *(.isr_vector)
 .isr_vector    0x0000000008000000      0x198 Core/Startup/startup_stm32f411retx.o
                0x0000000008000000                g_pfnVectors
                0x0000000008000198                . = ALIGN (0x4)

.text           0x0000000008000198     0x36fc
                0x0000000008000198                . = ALIGN (0x4)
 *(.text)
 .text          0x0000000008000198       0x40 c:/st/stm32cubeide_1.6.0/stm32cubeide/plugins/com.st.stm32cube.ide.mcu.externaltools.gnu-tools-for-stm32.9-2020-q2-update.win32_1.5.0.202011040924/tools/bin/../lib/gcc/arm-none-eabi/9.3.1/thumb/v7e-m+fp/hard/crtbegin.o
 .text          0x00000000080001d8       0x30 c:/st/stm32cubeide_1.6.0/stm32cubeide/plugins/com.st.stm32cube.ide.mcu.externaltools.gnu-tools-for-stm32.9-2020-q2-update.win32_1.5.0.202011040924/tools/bin/../lib/gcc/arm-none-eabi/9.3.1/thumb/v7e-m+fp/hard\libgcc.a(_aeabi_uldivmod.o)
                0x00000000080001d8                __aeabi_uldivmod
 .text          0x0000000008000208      0x2c4 c:/st/stm32cubeide_1.6.0/stm32cubeide/plugins/com.st.stm32cube.ide.mcu.externaltools.gnu-tools-for-stm32.9-2020-q2-update.win32_1.5.0.202011040924/tools/bin/../lib/gcc/arm-none-eabi/9.3.1/thumb/v7e-m+fp/hard\libgcc.a(_udivmoddi4.o)
                0x0000000008000208                __udivmoddi4
 .text          0x00000000080004cc        0x4 c:/st/stm32cubeide_1.6.0/stm32cubeide/plugins/com.st.stm32cube.ide.mcu.externaltools.gnu-tools-for-stm32.9-2020-q2-update.win32_1.5.0.202011040924/tools/bin/../lib/gcc/arm-none-eabi/9.3.1/thumb/v7e-m+fp/hard\libgcc.a(_dvmd_tls.o)
                0x00000000080004cc                __aeabi_idiv0
                0x00000000080004cc                __aeabi_ldiv0
 *(.text*)
 .text.main     0x00000000080004d0       0xf4 Core/Src/main.o
                0x00000000080004d0                main
 .text.SystemClock_Config
                0x00000000080005c4       0xd0 Core/Src/main.o
                0x00000000080005c4                SystemClock_Config
 .text.MX_TIM2_Init
                0x0000000008000694       0xe0 Core/Src/main.o
 .text.MX_TIM5_Init
                0x0000000008000774       0x9c Core/Src/main.o
 .text.MX_USART2_UART_Init
                0x0000000008000810       0x54 Core/Src/main.o
 .text.MX_DMA_Init
                0x0000000008000864       0x40 Core/Src/main.o
 .text.MX_GPIO_Init
                0x00000000080008a4       0xe0 Core/Src/main.o
 .text.encoderSpeedReaderCycle
                0x0000000008000984       0xc8 Core/Src/main.o
                0x0000000008000984                encoderSpeedReaderCycle
 .text.micros   0x0000000008000a4c       0x34 Core/Src/main.o
                0x0000000008000a4c                micros
 .text.Error_Handler
                0x0000000008000a80        0xa Core/Src/main.o
                0x0000000008000a80                Error_Handler
 *fill*         0x0000000008000a8a        0x2 
 .text.HAL_MspInit
                0x0000000008000a8c       0x50 Core/Src/stm32f4xx_hal_msp.o
                0x0000000008000a8c                HAL_MspInit
 .text.HAL_TIM_Base_MspInit
                0x0000000008000adc      0x124 Core/Src/stm32f4xx_hal_msp.o
                0x0000000008000adc                HAL_TIM_Base_MspInit
 .text.HAL_UART_MspInit
                0x0000000008000c00       0x90 Core/Src/stm32f4xx_hal_msp.o
                0x0000000008000c00                HAL_UART_MspInit
 .text.NMI_Handler
                0x0000000008000c90        0x6 Core/Src/stm32f4xx_it.o
                0x0000000008000c90                NMI_Handler
 .text.HardFault_Handler
                0x0000000008000c96        0x6 Core/Src/stm32f4xx_it.o
                0x0000000008000c96                HardFault_Handler
 .text.MemManage_Handler
                0x0000000008000c9c        0x6 Core/Src/stm32f4xx_it.o
                0x0000000008000c9c                MemManage_Handler
 .text.BusFault_Handler
                0x0000000008000ca2        0x6 Core/Src/stm32f4xx_it.o
                0x0000000008000ca2                BusFault_Handler
 .text.UsageFault_Handler
                0x0000000008000ca8        0x6 Core/Src/stm32f4xx_it.o
                0x0000000008000ca8                UsageFault_Handler
 .text.SVC_Handler
                0x0000000008000cae        0xe Core/Src/stm32f4xx_it.o
                0x0000000008000cae                SVC_Handler
 .text.DebugMon_Handler
                0x0000000008000cbc        0xe Core/Src/stm32f4xx_it.o
                0x0000000008000cbc                DebugMon_Handler
 .text.PendSV_Handler
                0x0000000008000cca        0xe Core/Src/stm32f4xx_it.o
                0x0000000008000cca                PendSV_Handler
 .text.SysTick_Handler
                0x0000000008000cd8        0xc Core/Src/stm32f4xx_it.o
                0x0000000008000cd8                SysTick_Handler
 .text.DMA1_Stream5_IRQHandler
                0x0000000008000ce4       0x14 Core/Src/stm32f4xx_it.o
                0x0000000008000ce4                DMA1_Stream5_IRQHandler
 .text.SystemInit
                0x0000000008000cf8       0x24 Core/Src/system_stm32f4xx.o
                0x0000000008000cf8                SystemInit
 .text.Reset_Handler
                0x0000000008000d1c       0x50 Core/Startup/startup_stm32f411retx.o
                0x0000000008000d1c                Reset_Handler
 .text.Default_Handler
                0x0000000008000d6c        0x2 Core/Startup/startup_stm32f411retx.o
                0x0000000008000d6c                RTC_Alarm_IRQHandler
                0x0000000008000d6c                EXTI2_IRQHandler
                0x0000000008000d6c                SPI4_IRQHandler
                0x0000000008000d6c                TIM1_CC_IRQHandler
                0x0000000008000d6c                DMA2_Stream5_IRQHandler
                0x0000000008000d6c                PVD_IRQHandler
                0x0000000008000d6c                SDIO_IRQHandler
                0x0000000008000d6c                TAMP_STAMP_IRQHandler
                0x0000000008000d6c                EXTI3_IRQHandler
                0x0000000008000d6c                TIM1_UP_TIM10_IRQHandler
                0x0000000008000d6c                I2C3_ER_IRQHandler
                0x0000000008000d6c                EXTI0_IRQHandler
                0x0000000008000d6c                I2C2_EV_IRQHandler
                0x0000000008000d6c                DMA1_Stream2_IRQHandler
                0x0000000008000d6c                FPU_IRQHandler
                0x0000000008000d6c                DMA2_Stream2_IRQHandler
                0x0000000008000d6c                SPI1_IRQHandler
                0x0000000008000d6c                TIM1_BRK_TIM9_IRQHandler
                0x0000000008000d6c                DMA2_Stream3_IRQHandler
                0x0000000008000d6c                USART6_IRQHandler
                0x0000000008000d6c                DMA2_Stream0_IRQHandler
                0x0000000008000d6c                TIM4_IRQHandler
                0x0000000008000d6c                I2C1_EV_IRQHandler
                0x0000000008000d6c                DMA1_Stream6_IRQHandler
                0x0000000008000d6c                DMA1_Stream1_IRQHandler
                0x0000000008000d6c                TIM3_IRQHandler
                0x0000000008000d6c                RCC_IRQHandler
                0x0000000008000d6c                Default_Handler
                0x0000000008000d6c                EXTI15_10_IRQHandler
                0x0000000008000d6c                ADC_IRQHandler
                0x0000000008000d6c                DMA1_Stream7_IRQHandler
                0x0000000008000d6c                SPI5_IRQHandler
                0x0000000008000d6c                TIM5_IRQHandler
                0x0000000008000d6c                DMA2_Stream7_IRQHandler
                0x0000000008000d6c                I2C3_EV_IRQHandler
                0x0000000008000d6c                EXTI9_5_IRQHandler
                0x0000000008000d6c                RTC_WKUP_IRQHandler
                0x0000000008000d6c                SPI2_IRQHandler
                0x0000000008000d6c                DMA1_Stream0_IRQHandler
                0x0000000008000d6c                EXTI4_IRQHandler
                0x0000000008000d6c                WWDG_IRQHandler
                0x0000000008000d6c                TIM2_IRQHandler
                0x0000000008000d6c                OTG_FS_WKUP_IRQHandler
                0x0000000008000d6c                TIM1_TRG_COM_TIM11_IRQHandler
                0x0000000008000d6c                EXTI1_IRQHandler
                0x0000000008000d6c                USART2_IRQHandler
                0x0000000008000d6c                I2C2_ER_IRQHandler
                0x0000000008000d6c                DMA2_Stream1_IRQHandler
                0x0000000008000d6c                FLASH_IRQHandler
                0x0000000008000d6c                DMA2_Stream4_IRQHandler
                0x0000000008000d6c                USART1_IRQHandler
                0x0000000008000d6c                OTG_FS_IRQHandler
                0x0000000008000d6c                SPI3_IRQHandler
                0x0000000008000d6c                DMA1_Stream4_IRQHandler
                0x0000000008000d6c                I2C1_ER_IRQHandler
                0x0000000008000d6c                DMA2_Stream6_IRQHandler
                0x0000000008000d6c                DMA1_Stream3_IRQHandler
 *fill*         0x0000000008000d6e        0x2 
 .text.HAL_Init
                0x0000000008000d70       0x44 Drivers/STM32F4xx_HAL_Driver/Src/stm32f4xx_hal.o
                0x0000000008000d70                HAL_Init
 .text.HAL_InitTick
                0x0000000008000db4       0x60 Drivers/STM32F4xx_HAL_Driver/Src/stm32f4xx_hal.o
                0x0000000008000db4                HAL_InitTick
 .text.HAL_IncTick
                0x0000000008000e14       0x28 Drivers/STM32F4xx_HAL_Driver/Src/stm32f4xx_hal.o
                0x0000000008000e14                HAL_IncTick
 .text.HAL_GetTick
                0x0000000008000e3c       0x18 Drivers/STM32F4xx_HAL_Driver/Src/stm32f4xx_hal.o
                0x0000000008000e3c                HAL_GetTick
 .text.__NVIC_SetPriorityGrouping
                0x0000000008000e54       0x48 Drivers/STM32F4xx_HAL_Driver/Src/stm32f4xx_hal_cortex.o
 .text.__NVIC_GetPriorityGrouping
                0x0000000008000e9c       0x1c Drivers/STM32F4xx_HAL_Driver/Src/stm32f4xx_hal_cortex.o
 .text.__NVIC_EnableIRQ
                0x0000000008000eb8       0x3c Drivers/STM32F4xx_HAL_Driver/Src/stm32f4xx_hal_cortex.o
 .text.__NVIC_SetPriority
                0x0000000008000ef4       0x54 Drivers/STM32F4xx_HAL_Driver/Src/stm32f4xx_hal_cortex.o
 .text.NVIC_EncodePriority
                0x0000000008000f48       0x66 Drivers/STM32F4xx_HAL_Driver/Src/stm32f4xx_hal_cortex.o
 *fill*         0x0000000008000fae        0x2 
 .text.SysTick_Config
                0x0000000008000fb0       0x44 Drivers/STM32F4xx_HAL_Driver/Src/stm32f4xx_hal_cortex.o
 .text.HAL_NVIC_SetPriorityGrouping
                0x0000000008000ff4       0x16 Drivers/STM32F4xx_HAL_Driver/Src/stm32f4xx_hal_cortex.o
                0x0000000008000ff4                HAL_NVIC_SetPriorityGrouping
 .text.HAL_NVIC_SetPriority
                0x000000000800100a       0x38 Drivers/STM32F4xx_HAL_Driver/Src/stm32f4xx_hal_cortex.o
                0x000000000800100a                HAL_NVIC_SetPriority
 .text.HAL_NVIC_EnableIRQ
                0x0000000008001042       0x1c Drivers/STM32F4xx_HAL_Driver/Src/stm32f4xx_hal_cortex.o
                0x0000000008001042                HAL_NVIC_EnableIRQ
 .text.HAL_SYSTICK_Config
                0x000000000800105e       0x18 Drivers/STM32F4xx_HAL_Driver/Src/stm32f4xx_hal_cortex.o
                0x000000000800105e                HAL_SYSTICK_Config
 *fill*         0x0000000008001076        0x2 
 .text.HAL_DMA_Init
                0x0000000008001078      0x15c Drivers/STM32F4xx_HAL_Driver/Src/stm32f4xx_hal_dma.o
                0x0000000008001078                HAL_DMA_Init
 .text.HAL_DMA_Start_IT
                0x00000000080011d4       0xb0 Drivers/STM32F4xx_HAL_Driver/Src/stm32f4xx_hal_dma.o
                0x00000000080011d4                HAL_DMA_Start_IT
 .text.HAL_DMA_IRQHandler
                0x0000000008001284      0x314 Drivers/STM32F4xx_HAL_Driver/Src/stm32f4xx_hal_dma.o
                0x0000000008001284                HAL_DMA_IRQHandler
 .text.DMA_SetConfig
                0x0000000008001598       0x5c Drivers/STM32F4xx_HAL_Driver/Src/stm32f4xx_hal_dma.o
 .text.DMA_CalcBaseAndBitshift
                0x00000000080015f4       0x6c Drivers/STM32F4xx_HAL_Driver/Src/stm32f4xx_hal_dma.o
 .text.DMA_CheckFifoParam
                0x0000000008001660       0xf8 Drivers/STM32F4xx_HAL_Driver/Src/stm32f4xx_hal_dma.o
 .text.HAL_GPIO_Init
                0x0000000008001758      0x308 Drivers/STM32F4xx_HAL_Driver/Src/stm32f4xx_hal_gpio.o
                0x0000000008001758                HAL_GPIO_Init
 .text.HAL_GPIO_WritePin
                0x0000000008001a60       0x32 Drivers/STM32F4xx_HAL_Driver/Src/stm32f4xx_hal_gpio.o
                0x0000000008001a60                HAL_GPIO_WritePin
 .text.HAL_GPIO_TogglePin
                0x0000000008001a92       0x34 Drivers/STM32F4xx_HAL_Driver/Src/stm32f4xx_hal_gpio.o
                0x0000000008001a92                HAL_GPIO_TogglePin
 *fill*         0x0000000008001ac6        0x2 
 .text.HAL_RCC_OscConfig
                0x0000000008001ac8      0x4f0 Drivers/STM32F4xx_HAL_Driver/Src/stm32f4xx_hal_rcc.o
                0x0000000008001ac8                HAL_RCC_OscConfig
 .text.HAL_RCC_ClockConfig
                0x0000000008001fb8      0x1cc Drivers/STM32F4xx_HAL_Driver/Src/stm32f4xx_hal_rcc.o
                0x0000000008001fb8                HAL_RCC_ClockConfig
 .text.HAL_RCC_GetSysClockFreq
                0x0000000008002184      0x1c4 Drivers/STM32F4xx_HAL_Driver/Src/stm32f4xx_hal_rcc.o
                0x0000000008002184                HAL_RCC_GetSysClockFreq
 .text.HAL_RCC_GetHCLKFreq
                0x0000000008002348       0x18 Drivers/STM32F4xx_HAL_Driver/Src/stm32f4xx_hal_rcc.o
                0x0000000008002348                HAL_RCC_GetHCLKFreq
 .text.HAL_RCC_GetPCLK1Freq
                0x0000000008002360       0x28 Drivers/STM32F4xx_HAL_Driver/Src/stm32f4xx_hal_rcc.o
                0x0000000008002360                HAL_RCC_GetPCLK1Freq
 .text.HAL_RCC_GetPCLK2Freq
                0x0000000008002388       0x28 Drivers/STM32F4xx_HAL_Driver/Src/stm32f4xx_hal_rcc.o
                0x0000000008002388                HAL_RCC_GetPCLK2Freq
 .text.HAL_TIM_Base_Init
                0x00000000080023b0       0x9e Drivers/STM32F4xx_HAL_Driver/Src/stm32f4xx_hal_tim.o
                0x00000000080023b0                HAL_TIM_Base_Init
 *fill*         0x000000000800244e        0x2 
 .text.HAL_TIM_Base_Start
                0x0000000008002450       0xb4 Drivers/STM32F4xx_HAL_Driver/Src/stm32f4xx_hal_tim.o
                0x0000000008002450                HAL_TIM_Base_Start
 .text.HAL_TIM_Base_Start_IT
                0x0000000008002504       0xc4 Drivers/STM32F4xx_HAL_Driver/Src/stm32f4xx_hal_tim.o
                0x0000000008002504                HAL_TIM_Base_Start_IT
 .text.HAL_TIM_IC_Init
                0x00000000080025c8       0x9e Drivers/STM32F4xx_HAL_Driver/Src/stm32f4xx_hal_tim.o
                0x00000000080025c8                HAL_TIM_IC_Init
 .text.HAL_TIM_IC_MspInit
                0x0000000008002666       0x14 Drivers/STM32F4xx_HAL_Driver/Src/stm32f4xx_hal_tim.o
                0x0000000008002666                HAL_TIM_IC_MspInit
 *fill*         0x000000000800267a        0x2 
 .text.HAL_TIM_IC_Start_DMA
                0x000000000800267c      0x334 Drivers/STM32F4xx_HAL_Driver/Src/stm32f4xx_hal_tim.o
                0x000000000800267c                HAL_TIM_IC_Start_DMA
 .text.HAL_TIM_IC_ConfigChannel
                0x00000000080029b0      0x128 Drivers/STM32F4xx_HAL_Driver/Src/stm32f4xx_hal_tim.o
                0x00000000080029b0                HAL_TIM_IC_ConfigChannel
 .text.HAL_TIM_ConfigClockSource
                0x0000000008002ad8      0x188 Drivers/STM32F4xx_HAL_Driver/Src/stm32f4xx_hal_tim.o
                0x0000000008002ad8                HAL_TIM_ConfigClockSource
 .text.HAL_TIM_IC_CaptureCallback
                0x0000000008002c60       0x14 Drivers/STM32F4xx_HAL_Driver/Src/stm32f4xx_hal_tim.o
                0x0000000008002c60                HAL_TIM_IC_CaptureCallback
 .text.HAL_TIM_IC_CaptureHalfCpltCallback
                0x0000000008002c74       0x14 Drivers/STM32F4xx_HAL_Driver/Src/stm32f4xx_hal_tim.o
                0x0000000008002c74                HAL_TIM_IC_CaptureHalfCpltCallback
 .text.HAL_TIM_ErrorCallback
                0x0000000008002c88       0x14 Drivers/STM32F4xx_HAL_Driver/Src/stm32f4xx_hal_tim.o
                0x0000000008002c88                HAL_TIM_ErrorCallback
 .text.TIM_DMAError
                0x0000000008002c9c       0x92 Drivers/STM32F4xx_HAL_Driver/Src/stm32f4xx_hal_tim.o
                0x0000000008002c9c                TIM_DMAError
 .text.TIM_DMACaptureCplt
                0x0000000008002d2e       0xc8 Drivers/STM32F4xx_HAL_Driver/Src/stm32f4xx_hal_tim.o
                0x0000000008002d2e                TIM_DMACaptureCplt
 .text.TIM_DMACaptureHalfCplt
                0x0000000008002df6       0x68 Drivers/STM32F4xx_HAL_Driver/Src/stm32f4xx_hal_tim.o
                0x0000000008002df6                TIM_DMACaptureHalfCplt
 *fill*         0x0000000008002e5e        0x2 
 .text.TIM_Base_SetConfig
                0x0000000008002e60      0x100 Drivers/STM32F4xx_HAL_Driver/Src/stm32f4xx_hal_tim.o
                0x0000000008002e60                TIM_Base_SetConfig
 .text.TIM_TI1_SetConfig
                0x0000000008002f60       0xd0 Drivers/STM32F4xx_HAL_Driver/Src/stm32f4xx_hal_tim.o
                0x0000000008002f60                TIM_TI1_SetConfig
 .text.TIM_TI1_ConfigInputStage
                0x0000000008003030       0x5e Drivers/STM32F4xx_HAL_Driver/Src/stm32f4xx_hal_tim.o
 .text.TIM_TI2_SetConfig
                0x000000000800308e       0x7a Drivers/STM32F4xx_HAL_Driver/Src/stm32f4xx_hal_tim.o
 .text.TIM_TI2_ConfigInputStage
                0x0000000008003108       0x60 Drivers/STM32F4xx_HAL_Driver/Src/stm32f4xx_hal_tim.o
 .text.TIM_TI3_SetConfig
                0x0000000008003168       0x78 Drivers/STM32F4xx_HAL_Driver/Src/stm32f4xx_hal_tim.o
 .text.TIM_TI4_SetConfig
                0x00000000080031e0       0x7a Drivers/STM32F4xx_HAL_Driver/Src/stm32f4xx_hal_tim.o
 .text.TIM_ITRx_SetConfig
                0x000000000800325a       0x36 Drivers/STM32F4xx_HAL_Driver/Src/stm32f4xx_hal_tim.o
 .text.TIM_ETR_SetConfig
                0x0000000008003290       0x40 Drivers/STM32F4xx_HAL_Driver/Src/stm32f4xx_hal_tim.o
                0x0000000008003290                TIM_ETR_SetConfig
 .text.TIM_CCxChannelCmd
                0x00000000080032d0       0x4a Drivers/STM32F4xx_HAL_Driver/Src/stm32f4xx_hal_tim.o
                0x00000000080032d0                TIM_CCxChannelCmd
 *fill*         0x000000000800331a        0x2 
 .text.HAL_TIMEx_MasterConfigSynchronization
                0x000000000800331c       0xdc Drivers/STM32F4xx_HAL_Driver/Src/stm32f4xx_hal_tim_ex.o
                0x000000000800331c                HAL_TIMEx_MasterConfigSynchronization
 .text.HAL_UART_Init
                0x00000000080033f8       0x9a Drivers/STM32F4xx_HAL_Driver/Src/stm32f4xx_hal_uart.o
                0x00000000080033f8                HAL_UART_Init
 *fill*         0x0000000008003492        0x2 
 .text.UART_SetConfig
                0x0000000008003494      0x390 Drivers/STM32F4xx_HAL_Driver/Src/stm32f4xx_hal_uart.o
 .text.__libc_init_array
                0x0000000008003824       0x48 c:/st/stm32cubeide_1.6.0/stm32cubeide/plugins/com.st.stm32cube.ide.mcu.externaltools.gnu-tools-for-stm32.9-2020-q2-update.win32_1.5.0.202011040924/tools/bin/../lib/gcc/arm-none-eabi/9.3.1/../../../../arm-none-eabi/lib/thumb/v7e-m+fp/hard\libc_nano.a(lib_a-init.o)
                0x0000000008003824                __libc_init_array
 .text.memset   0x000000000800386c       0x10 c:/st/stm32cubeide_1.6.0/stm32cubeide/plugins/com.st.stm32cube.ide.mcu.externaltools.gnu-tools-for-stm32.9-2020-q2-update.win32_1.5.0.202011040924/tools/bin/../lib/gcc/arm-none-eabi/9.3.1/../../../../arm-none-eabi/lib/thumb/v7e-m+fp/hard\libc_nano.a(lib_a-memset.o)
                0x000000000800386c                memset
 *(.glue_7)
 .glue_7        0x000000000800387c        0x0 linker stubs
 *(.glue_7t)
 .glue_7t       0x000000000800387c        0x0 linker stubs
 *(.eh_frame)
 .eh_frame      0x000000000800387c        0x0 c:/st/stm32cubeide_1.6.0/stm32cubeide/plugins/com.st.stm32cube.ide.mcu.externaltools.gnu-tools-for-stm32.9-2020-q2-update.win32_1.5.0.202011040924/tools/bin/../lib/gcc/arm-none-eabi/9.3.1/thumb/v7e-m+fp/hard/crtbegin.o
 *(.init)
 .init          0x000000000800387c        0x4 c:/st/stm32cubeide_1.6.0/stm32cubeide/plugins/com.st.stm32cube.ide.mcu.externaltools.gnu-tools-for-stm32.9-2020-q2-update.win32_1.5.0.202011040924/tools/bin/../lib/gcc/arm-none-eabi/9.3.1/thumb/v7e-m+fp/hard/crti.o
                0x000000000800387c                _init
 .init          0x0000000008003880        0x8 c:/st/stm32cubeide_1.6.0/stm32cubeide/plugins/com.st.stm32cube.ide.mcu.externaltools.gnu-tools-for-stm32.9-2020-q2-update.win32_1.5.0.202011040924/tools/bin/../lib/gcc/arm-none-eabi/9.3.1/thumb/v7e-m+fp/hard/crtn.o
 *(.fini)
 .fini          0x0000000008003888        0x4 c:/st/stm32cubeide_1.6.0/stm32cubeide/plugins/com.st.stm32cube.ide.mcu.externaltools.gnu-tools-for-stm32.9-2020-q2-update.win32_1.5.0.202011040924/tools/bin/../lib/gcc/arm-none-eabi/9.3.1/thumb/v7e-m+fp/hard/crti.o
                0x0000000008003888                _fini
 .fini          0x000000000800388c        0x8 c:/st/stm32cubeide_1.6.0/stm32cubeide/plugins/com.st.stm32cube.ide.mcu.externaltools.gnu-tools-for-stm32.9-2020-q2-update.win32_1.5.0.202011040924/tools/bin/../lib/gcc/arm-none-eabi/9.3.1/thumb/v7e-m+fp/hard/crtn.o
                0x0000000008003894                . = ALIGN (0x4)
                0x0000000008003894                _etext = .

.vfp11_veneer   0x0000000008003894        0x0
 .vfp11_veneer  0x0000000008003894        0x0 linker stubs

.v4_bx          0x0000000008003894        0x0
 .v4_bx         0x0000000008003894        0x0 linker stubs

.iplt           0x0000000008003894        0x0
 .iplt          0x0000000008003894        0x0 c:/st/stm32cubeide_1.6.0/stm32cubeide/plugins/com.st.stm32cube.ide.mcu.externaltools.gnu-tools-for-stm32.9-2020-q2-update.win32_1.5.0.202011040924/tools/bin/../lib/gcc/arm-none-eabi/9.3.1/thumb/v7e-m+fp/hard/crtbegin.o

.rodata         0x0000000008003894       0x20
                0x0000000008003894                . = ALIGN (0x4)
 *(.rodata)
 *(.rodata*)
 .rodata.AHBPrescTable
                0x0000000008003894       0x10 Core/Src/system_stm32f4xx.o
                0x0000000008003894                AHBPrescTable
 .rodata.APBPrescTable
                0x00000000080038a4        0x8 Core/Src/system_stm32f4xx.o
                0x00000000080038a4                APBPrescTable
 .rodata.flagBitshiftOffset.8151
                0x00000000080038ac        0x8 Drivers/STM32F4xx_HAL_Driver/Src/stm32f4xx_hal_dma.o
                0x00000000080038b4                . = ALIGN (0x4)

.ARM.extab      0x00000000080038b4        0x0
                0x00000000080038b4                . = ALIGN (0x4)
 *(.ARM.extab* .gnu.linkonce.armextab.*)
                0x00000000080038b4                . = ALIGN (0x4)

.ARM            0x00000000080038b4        0x8
                0x00000000080038b4                . = ALIGN (0x4)
                0x00000000080038b4                __exidx_start = .
 *(.ARM.exidx*)
 .ARM.exidx     0x00000000080038b4        0x8 c:/st/stm32cubeide_1.6.0/stm32cubeide/plugins/com.st.stm32cube.ide.mcu.externaltools.gnu-tools-for-stm32.9-2020-q2-update.win32_1.5.0.202011040924/tools/bin/../lib/gcc/arm-none-eabi/9.3.1/thumb/v7e-m+fp/hard\libgcc.a(_udivmoddi4.o)
                0x00000000080038bc                __exidx_end = .
                0x00000000080038bc                . = ALIGN (0x4)

.rel.dyn        0x00000000080038bc        0x0
 .rel.iplt      0x00000000080038bc        0x0 c:/st/stm32cubeide_1.6.0/stm32cubeide/plugins/com.st.stm32cube.ide.mcu.externaltools.gnu-tools-for-stm32.9-2020-q2-update.win32_1.5.0.202011040924/tools/bin/../lib/gcc/arm-none-eabi/9.3.1/thumb/v7e-m+fp/hard/crtbegin.o

.preinit_array  0x00000000080038bc        0x0
                0x00000000080038bc                . = ALIGN (0x4)
                0x00000000080038bc                PROVIDE (__preinit_array_start = .)
 *(.preinit_array*)
                0x00000000080038bc                PROVIDE (__preinit_array_end = .)
                0x00000000080038bc                . = ALIGN (0x4)

.init_array     0x00000000080038bc        0x4
                0x00000000080038bc                . = ALIGN (0x4)
                0x00000000080038bc                PROVIDE (__init_array_start = .)
 *(SORT_BY_NAME(.init_array.*))
 *(.init_array*)
 .init_array    0x00000000080038bc        0x4 c:/st/stm32cubeide_1.6.0/stm32cubeide/plugins/com.st.stm32cube.ide.mcu.externaltools.gnu-tools-for-stm32.9-2020-q2-update.win32_1.5.0.202011040924/tools/bin/../lib/gcc/arm-none-eabi/9.3.1/thumb/v7e-m+fp/hard/crtbegin.o
                0x00000000080038c0                PROVIDE (__init_array_end = .)
                0x00000000080038c0                . = ALIGN (0x4)

.fini_array     0x00000000080038c0        0x4
                0x00000000080038c0                . = ALIGN (0x4)
                [!provide]                        PROVIDE (__fini_array_start = .)
 *(SORT_BY_NAME(.fini_array.*))
 *(.fini_array*)
 .fini_array    0x00000000080038c0        0x4 c:/st/stm32cubeide_1.6.0/stm32cubeide/plugins/com.st.stm32cube.ide.mcu.externaltools.gnu-tools-for-stm32.9-2020-q2-update.win32_1.5.0.202011040924/tools/bin/../lib/gcc/arm-none-eabi/9.3.1/thumb/v7e-m+fp/hard/crtbegin.o
                [!provide]                        PROVIDE (__fini_array_end = .)
                0x00000000080038c4                . = ALIGN (0x4)
                0x00000000080038c4                _sidata = LOADADDR (.data)

.data           0x0000000020000000        0xc load address 0x00000000080038c4
                0x0000000020000000                . = ALIGN (0x4)
                0x0000000020000000                _sdata = .
 *(.data)
 *(.data*)
 .data.SystemCoreClock
                0x0000000020000000        0x4 Core/Src/system_stm32f4xx.o
                0x0000000020000000                SystemCoreClock
 .data.uwTickPrio
                0x0000000020000004        0x4 Drivers/STM32F4xx_HAL_Driver/Src/stm32f4xx_hal.o
                0x0000000020000004                uwTickPrio
 .data.uwTickFreq
                0x0000000020000008        0x1 Drivers/STM32F4xx_HAL_Driver/Src/stm32f4xx_hal.o
                0x0000000020000008                uwTickFreq
 *(.RamFunc)
 *(.RamFunc*)
                0x000000002000000c                . = ALIGN (0x4)
 *fill*         0x0000000020000009        0x3 
                0x000000002000000c                _edata = .

.igot.plt       0x000000002000000c        0x0 load address 0x00000000080038d0
 .igot.plt      0x000000002000000c        0x0 c:/st/stm32cubeide_1.6.0/stm32cubeide/plugins/com.st.stm32cube.ide.mcu.externaltools.gnu-tools-for-stm32.9-2020-q2-update.win32_1.5.0.202011040924/tools/bin/../lib/gcc/arm-none-eabi/9.3.1/thumb/v7e-m+fp/hard/crtbegin.o
                0x000000002000000c                . = ALIGN (0x4)

.bss            0x0000000020000010      0x2f0 load address 0x00000000080038d0
                0x0000000020000010                _sbss = .
                0x0000000020000010                __bss_start__ = _sbss
 *(.bss)
 .bss           0x0000000020000010       0x1c c:/st/stm32cubeide_1.6.0/stm32cubeide/plugins/com.st.stm32cube.ide.mcu.externaltools.gnu-tools-for-stm32.9-2020-q2-update.win32_1.5.0.202011040924/tools/bin/../lib/gcc/arm-none-eabi/9.3.1/thumb/v7e-m+fp/hard/crtbegin.o
 *(.bss*)
 .bss.capturedata
                0x000000002000002c       0x80 Core/Src/main.o
                0x000000002000002c                capturedata
 *fill*         0x00000000200000ac        0x4 
 .bss.DiffTime  0x00000000200000b0       0xf8 Core/Src/main.o
                0x00000000200000b0                DiffTime
 .bss.MeanTime  0x00000000200001a8        0x4 Core/Src/main.o
                0x00000000200001a8                MeanTime
 .bss.CapPulsePerSec
                0x00000000200001ac        0x4 Core/Src/main.o
                0x00000000200001ac                CapPulsePerSec
 .bss.MotorSpeed
                0x00000000200001b0        0x4 Core/Src/main.o
                0x00000000200001b0                MotorSpeed
 *fill*         0x00000000200001b4        0x4 
 .bss._micros   0x00000000200001b8        0x8 Core/Src/main.o
                0x00000000200001b8                _micros
 .bss.TimeStamp
                0x00000000200001c0        0x8 Core/Src/main.o
                0x00000000200001c0                TimeStamp
 *(COMMON)
 COMMON         0x00000000200001c8      0x134 Core/Src/main.o
                0x00000000200001c8                hdma_tim2_ch1
                0x0000000020000228                htim5
                0x0000000020000270                htim2
                0x00000000200002b8                huart2
 COMMON         0x00000000200002fc        0x4 Drivers/STM32F4xx_HAL_Driver/Src/stm32f4xx_hal.o
                0x00000000200002fc                uwTick
                0x0000000020000300                . = ALIGN (0x4)
                0x0000000020000300                _ebss = .
                0x0000000020000300                __bss_end__ = _ebss

._user_heap_stack
                0x0000000020000300      0x600 load address 0x00000000080038d0
                0x0000000020000300                . = ALIGN (0x8)
                [!provide]                        PROVIDE (end = .)
                0x0000000020000300                PROVIDE (_end = .)
                0x0000000020000500                . = (. + _Min_Heap_Size)
 *fill*         0x0000000020000300      0x200 
                0x0000000020000900                . = (. + _Min_Stack_Size)
 *fill*         0x0000000020000500      0x400 
                0x0000000020000900                . = ALIGN (0x8)

/DISCARD/
 libc.a(*)
 libm.a(*)
 libgcc.a(*)

.ARM.attributes
                0x0000000000000000       0x30
 *(.ARM.attributes)
 .ARM.attributes
                0x0000000000000000       0x1e c:/st/stm32cubeide_1.6.0/stm32cubeide/plugins/com.st.stm32cube.ide.mcu.externaltools.gnu-tools-for-stm32.9-2020-q2-update.win32_1.5.0.202011040924/tools/bin/../lib/gcc/arm-none-eabi/9.3.1/thumb/v7e-m+fp/hard/crti.o
 .ARM.attributes
                0x000000000000001e       0x34 c:/st/stm32cubeide_1.6.0/stm32cubeide/plugins/com.st.stm32cube.ide.mcu.externaltools.gnu-tools-for-stm32.9-2020-q2-update.win32_1.5.0.202011040924/tools/bin/../lib/gcc/arm-none-eabi/9.3.1/thumb/v7e-m+fp/hard/crtbegin.o
 .ARM.attributes
                0x0000000000000052       0x34 Core/Src/main.o
 .ARM.attributes
                0x0000000000000086       0x34 Core/Src/stm32f4xx_hal_msp.o
 .ARM.attributes
                0x00000000000000ba       0x34 Core/Src/stm32f4xx_it.o
 .ARM.attributes
                0x00000000000000ee       0x34 Core/Src/system_stm32f4xx.o
 .ARM.attributes
                0x0000000000000122       0x21 Core/Startup/startup_stm32f411retx.o
 .ARM.attributes
                0x0000000000000143       0x34 Drivers/STM32F4xx_HAL_Driver/Src/stm32f4xx_hal.o
 .ARM.attributes
                0x0000000000000177       0x34 Drivers/STM32F4xx_HAL_Driver/Src/stm32f4xx_hal_cortex.o
 .ARM.attributes
                0x00000000000001ab       0x34 Drivers/STM32F4xx_HAL_Driver/Src/stm32f4xx_hal_dma.o
 .ARM.attributes
                0x00000000000001df       0x34 Drivers/STM32F4xx_HAL_Driver/Src/stm32f4xx_hal_gpio.o
 .ARM.attributes
                0x0000000000000213       0x34 Drivers/STM32F4xx_HAL_Driver/Src/stm32f4xx_hal_rcc.o
 .ARM.attributes
                0x0000000000000247       0x34 Drivers/STM32F4xx_HAL_Driver/Src/stm32f4xx_hal_tim.o
 .ARM.attributes
                0x000000000000027b       0x34 Drivers/STM32F4xx_HAL_Driver/Src/stm32f4xx_hal_tim_ex.o
 .ARM.attributes
                0x00000000000002af       0x34 Drivers/STM32F4xx_HAL_Driver/Src/stm32f4xx_hal_uart.o
 .ARM.attributes
                0x00000000000002e3       0x34 c:/st/stm32cubeide_1.6.0/stm32cubeide/plugins/com.st.stm32cube.ide.mcu.externaltools.gnu-tools-for-stm32.9-2020-q2-update.win32_1.5.0.202011040924/tools/bin/../lib/gcc/arm-none-eabi/9.3.1/../../../../arm-none-eabi/lib/thumb/v7e-m+fp/hard\libc_nano.a(lib_a-init.o)
 .ARM.attributes
                0x0000000000000317       0x34 c:/st/stm32cubeide_1.6.0/stm32cubeide/plugins/com.st.stm32cube.ide.mcu.externaltools.gnu-tools-for-stm32.9-2020-q2-update.win32_1.5.0.202011040924/tools/bin/../lib/gcc/arm-none-eabi/9.3.1/../../../../arm-none-eabi/lib/thumb/v7e-m+fp/hard\libc_nano.a(lib_a-memset.o)
 .ARM.attributes
                0x000000000000034b       0x1e c:/st/stm32cubeide_1.6.0/stm32cubeide/plugins/com.st.stm32cube.ide.mcu.externaltools.gnu-tools-for-stm32.9-2020-q2-update.win32_1.5.0.202011040924/tools/bin/../lib/gcc/arm-none-eabi/9.3.1/thumb/v7e-m+fp/hard\libgcc.a(_aeabi_uldivmod.o)
 .ARM.attributes
                0x0000000000000369       0x34 c:/st/stm32cubeide_1.6.0/stm32cubeide/plugins/com.st.stm32cube.ide.mcu.externaltools.gnu-tools-for-stm32.9-2020-q2-update.win32_1.5.0.202011040924/tools/bin/../lib/gcc/arm-none-eabi/9.3.1/thumb/v7e-m+fp/hard\libgcc.a(_udivmoddi4.o)
 .ARM.attributes
                0x000000000000039d       0x1e c:/st/stm32cubeide_1.6.0/stm32cubeide/plugins/com.st.stm32cube.ide.mcu.externaltools.gnu-tools-for-stm32.9-2020-q2-update.win32_1.5.0.202011040924/tools/bin/../lib/gcc/arm-none-eabi/9.3.1/thumb/v7e-m+fp/hard\libgcc.a(_dvmd_tls.o)
 .ARM.attributes
                0x00000000000003bb       0x1e c:/st/stm32cubeide_1.6.0/stm32cubeide/plugins/com.st.stm32cube.ide.mcu.externaltools.gnu-tools-for-stm32.9-2020-q2-update.win32_1.5.0.202011040924/tools/bin/../lib/gcc/arm-none-eabi/9.3.1/thumb/v7e-m+fp/hard/crtn.o
OUTPUT(Week5GPIO.elf elf32-littlearm)
LOAD linker stubs
LOAD c:/st/stm32cubeide_1.6.0/stm32cubeide/plugins/com.st.stm32cube.ide.mcu.externaltools.gnu-tools-for-stm32.9-2020-q2-update.win32_1.5.0.202011040924/tools/bin/../lib/gcc/arm-none-eabi/9.3.1/../../../../arm-none-eabi/lib/thumb/v7e-m+fp/hard\libc.a
LOAD c:/st/stm32cubeide_1.6.0/stm32cubeide/plugins/com.st.stm32cube.ide.mcu.externaltools.gnu-tools-for-stm32.9-2020-q2-update.win32_1.5.0.202011040924/tools/bin/../lib/gcc/arm-none-eabi/9.3.1/../../../../arm-none-eabi/lib/thumb/v7e-m+fp/hard\libm.a
LOAD c:/st/stm32cubeide_1.6.0/stm32cubeide/plugins/com.st.stm32cube.ide.mcu.externaltools.gnu-tools-for-stm32.9-2020-q2-update.win32_1.5.0.202011040924/tools/bin/../lib/gcc/arm-none-eabi/9.3.1/thumb/v7e-m+fp/hard\libgcc.a

.debug_info     0x0000000000000000     0xb6bd
 .debug_info    0x0000000000000000     0x1440 Core/Src/main.o
 .debug_info    0x0000000000001440      0xe49 Core/Src/stm32f4xx_hal_msp.o
 .debug_info    0x0000000000002289      0x4af Core/Src/stm32f4xx_it.o
 .debug_info    0x0000000000002738      0x5d0 Core/Src/system_stm32f4xx.o
 .debug_info    0x0000000000002d08       0x22 Core/Startup/startup_stm32f411retx.o
 .debug_info    0x0000000000002d2a      0x944 Drivers/STM32F4xx_HAL_Driver/Src/stm32f4xx_hal.o
 .debug_info    0x000000000000366e      0xe47 Drivers/STM32F4xx_HAL_Driver/Src/stm32f4xx_hal_cortex.o
 .debug_info    0x00000000000044b5      0x9e9 Drivers/STM32F4xx_HAL_Driver/Src/stm32f4xx_hal_dma.o
 .debug_info    0x0000000000004e9e      0x862 Drivers/STM32F4xx_HAL_Driver/Src/stm32f4xx_hal_gpio.o
 .debug_info    0x0000000000005700      0x9be Drivers/STM32F4xx_HAL_Driver/Src/stm32f4xx_hal_rcc.o
 .debug_info    0x00000000000060be     0x2a88 Drivers/STM32F4xx_HAL_Driver/Src/stm32f4xx_hal_tim.o
 .debug_info    0x0000000000008b46     0x151a Drivers/STM32F4xx_HAL_Driver/Src/stm32f4xx_hal_tim_ex.o
 .debug_info    0x000000000000a060     0x165d Drivers/STM32F4xx_HAL_Driver/Src/stm32f4xx_hal_uart.o

.debug_abbrev   0x0000000000000000     0x1a62
 .debug_abbrev  0x0000000000000000      0x2bd Core/Src/main.o
 .debug_abbrev  0x00000000000002bd      0x1bf Core/Src/stm32f4xx_hal_msp.o
 .debug_abbrev  0x000000000000047c      0x134 Core/Src/stm32f4xx_it.o
 .debug_abbrev  0x00000000000005b0      0x145 Core/Src/system_stm32f4xx.o
 .debug_abbrev  0x00000000000006f5       0x12 Core/Startup/startup_stm32f411retx.o
 .debug_abbrev  0x0000000000000707      0x21e Drivers/STM32F4xx_HAL_Driver/Src/stm32f4xx_hal.o
 .debug_abbrev  0x0000000000000925      0x33c Drivers/STM32F4xx_HAL_Driver/Src/stm32f4xx_hal_cortex.o
 .debug_abbrev  0x0000000000000c61      0x219 Drivers/STM32F4xx_HAL_Driver/Src/stm32f4xx_hal_dma.o
 .debug_abbrev  0x0000000000000e7a      0x1f1 Drivers/STM32F4xx_HAL_Driver/Src/stm32f4xx_hal_gpio.o
 .debug_abbrev  0x000000000000106b      0x275 Drivers/STM32F4xx_HAL_Driver/Src/stm32f4xx_hal_rcc.o
 .debug_abbrev  0x00000000000012e0      0x26f Drivers/STM32F4xx_HAL_Driver/Src/stm32f4xx_hal_tim.o
 .debug_abbrev  0x000000000000154f      0x277 Drivers/STM32F4xx_HAL_Driver/Src/stm32f4xx_hal_tim_ex.o
 .debug_abbrev  0x00000000000017c6      0x29c Drivers/STM32F4xx_HAL_Driver/Src/stm32f4xx_hal_uart.o

.debug_aranges  0x0000000000000000      0xc18
 .debug_aranges
                0x0000000000000000       0x70 Core/Src/main.o
 .debug_aranges
                0x0000000000000070       0x40 Core/Src/stm32f4xx_hal_msp.o
 .debug_aranges
                0x00000000000000b0       0x68 Core/Src/stm32f4xx_it.o
 .debug_aranges
                0x0000000000000118       0x28 Core/Src/system_stm32f4xx.o
 .debug_aranges
                0x0000000000000140       0x28 Core/Startup/startup_stm32f411retx.o
 .debug_aranges
                0x0000000000000168       0xf0 Drivers/STM32F4xx_HAL_Driver/Src/stm32f4xx_hal.o
 .debug_aranges
                0x0000000000000258      0x118 Drivers/STM32F4xx_HAL_Driver/Src/stm32f4xx_hal_cortex.o
 .debug_aranges
                0x0000000000000370       0x90 Drivers/STM32F4xx_HAL_Driver/Src/stm32f4xx_hal_dma.o
 .debug_aranges
                0x0000000000000400       0x58 Drivers/STM32F4xx_HAL_Driver/Src/stm32f4xx_hal_gpio.o
 .debug_aranges
                0x0000000000000458       0x88 Drivers/STM32F4xx_HAL_Driver/Src/stm32f4xx_hal_rcc.o
 .debug_aranges
                0x00000000000004e0      0x3d0 Drivers/STM32F4xx_HAL_Driver/Src/stm32f4xx_hal_tim.o
 .debug_aranges
                0x00000000000008b0      0x168 Drivers/STM32F4xx_HAL_Driver/Src/stm32f4xx_hal_tim_ex.o
 .debug_aranges
                0x0000000000000a18      0x200 Drivers/STM32F4xx_HAL_Driver/Src/stm32f4xx_hal_uart.o

.debug_ranges   0x0000000000000000      0xb80
 .debug_ranges  0x0000000000000000       0x60 Core/Src/main.o
 .debug_ranges  0x0000000000000060       0x30 Core/Src/stm32f4xx_hal_msp.o
 .debug_ranges  0x0000000000000090       0x58 Core/Src/stm32f4xx_it.o
 .debug_ranges  0x00000000000000e8       0x18 Core/Src/system_stm32f4xx.o
 .debug_ranges  0x0000000000000100       0x20 Core/Startup/startup_stm32f411retx.o
 .debug_ranges  0x0000000000000120       0xe0 Drivers/STM32F4xx_HAL_Driver/Src/stm32f4xx_hal.o
 .debug_ranges  0x0000000000000200      0x108 Drivers/STM32F4xx_HAL_Driver/Src/stm32f4xx_hal_cortex.o
 .debug_ranges  0x0000000000000308       0x80 Drivers/STM32F4xx_HAL_Driver/Src/stm32f4xx_hal_dma.o
 .debug_ranges  0x0000000000000388       0x48 Drivers/STM32F4xx_HAL_Driver/Src/stm32f4xx_hal_gpio.o
 .debug_ranges  0x00000000000003d0       0x78 Drivers/STM32F4xx_HAL_Driver/Src/stm32f4xx_hal_rcc.o
 .debug_ranges  0x0000000000000448      0x3c0 Drivers/STM32F4xx_HAL_Driver/Src/stm32f4xx_hal_tim.o
 .debug_ranges  0x0000000000000808      0x158 Drivers/STM32F4xx_HAL_Driver/Src/stm32f4xx_hal_tim_ex.o
 .debug_ranges  0x0000000000000960      0x220 Drivers/STM32F4xx_HAL_Driver/Src/stm32f4xx_hal_uart.o

.debug_macro    0x0000000000000000    0x156f4
 .debug_macro   0x0000000000000000      0x1e3 Core/Src/main.o
 .debug_macro   0x00000000000001e3      0xaa8 Core/Src/main.o
 .debug_macro   0x0000000000000c8b      0x29b Core/Src/main.o
 .debug_macro   0x0000000000000f26       0x2e Core/Src/main.o
 .debug_macro   0x0000000000000f54       0x28 Core/Src/main.o
 .debug_macro   0x0000000000000f7c       0x22 Core/Src/main.o
 .debug_macro   0x0000000000000f9e       0x8e Core/Src/main.o
 .debug_macro   0x000000000000102c       0x51 Core/Src/main.o
 .debug_macro   0x000000000000107d      0x103 Core/Src/main.o
 .debug_macro   0x0000000000001180       0x6a Core/Src/main.o
 .debug_macro   0x00000000000011ea      0x1df Core/Src/main.o
 .debug_macro   0x00000000000013c9       0x1c Core/Src/main.o
 .debug_macro   0x00000000000013e5       0x22 Core/Src/main.o
 .debug_macro   0x0000000000001407       0xdf Core/Src/main.o
 .debug_macro   0x00000000000014e6     0x102d Core/Src/main.o
 .debug_macro   0x0000000000002513      0x11f Core/Src/main.o
 .debug_macro   0x0000000000002632     0xb937 Core/Src/main.o
 .debug_macro   0x000000000000df69       0x43 Core/Src/main.o
 .debug_macro   0x000000000000dfac     0x3659 Core/Src/main.o
 .debug_macro   0x0000000000011605      0x174 Core/Src/main.o
 .debug_macro   0x0000000000011779       0x5c Core/Src/main.o
 .debug_macro   0x00000000000117d5      0x447 Core/Src/main.o
 .debug_macro   0x0000000000011c1c      0x9fe Core/Src/main.o
 .debug_macro   0x000000000001261a      0x117 Core/Src/main.o
 .debug_macro   0x0000000000012731      0x11b Core/Src/main.o
 .debug_macro   0x000000000001284c       0x82 Core/Src/main.o
 .debug_macro   0x00000000000128ce      0x15f Core/Src/main.o
 .debug_macro   0x0000000000012a2d      0x287 Core/Src/main.o
 .debug_macro   0x0000000000012cb4       0x5f Core/Src/main.o
 .debug_macro   0x0000000000012d13      0x236 Core/Src/main.o
 .debug_macro   0x0000000000012f49      0x132 Core/Src/main.o
 .debug_macro   0x000000000001307b      0x264 Core/Src/main.o
 .debug_macro   0x00000000000132df       0x2e Core/Src/main.o
 .debug_macro   0x000000000001330d      0x11a Core/Src/main.o
 .debug_macro   0x0000000000013427       0x85 Core/Src/main.o
 .debug_macro   0x00000000000134ac       0x89 Core/Src/main.o
 .debug_macro   0x0000000000013535      0x8d1 Core/Src/main.o
 .debug_macro   0x0000000000013e06       0x47 Core/Src/main.o
 .debug_macro   0x0000000000013e4d      0x295 Core/Src/main.o
 .debug_macro   0x00000000000140e2      0x126 Core/Src/main.o
 .debug_macro   0x0000000000014208       0x58 Core/Src/main.o
 .debug_macro   0x0000000000014260      0x1dd Core/Src/stm32f4xx_hal_msp.o
 .debug_macro   0x000000000001443d      0x1e7 Core/Src/stm32f4xx_it.o
 .debug_macro   0x0000000000014624      0x1ce Core/Src/system_stm32f4xx.o
 .debug_macro   0x00000000000147f2      0x22e Drivers/STM32F4xx_HAL_Driver/Src/stm32f4xx_hal.o
 .debug_macro   0x0000000000014a20      0x1ce Drivers/STM32F4xx_HAL_Driver/Src/stm32f4xx_hal_cortex.o
 .debug_macro   0x0000000000014bee      0x1d4 Drivers/STM32F4xx_HAL_Driver/Src/stm32f4xx_hal_dma.o
 .debug_macro   0x0000000000014dc2      0x1d4 Drivers/STM32F4xx_HAL_Driver/Src/stm32f4xx_hal_gpio.o
 .debug_macro   0x0000000000014f96      0x1f2 Drivers/STM32F4xx_HAL_Driver/Src/stm32f4xx_hal_rcc.o
 .debug_macro   0x0000000000015188      0x1cf Drivers/STM32F4xx_HAL_Driver/Src/stm32f4xx_hal_tim.o
 .debug_macro   0x0000000000015357      0x1ce Drivers/STM32F4xx_HAL_Driver/Src/stm32f4xx_hal_tim_ex.o
 .debug_macro   0x0000000000015525      0x1cf Drivers/STM32F4xx_HAL_Driver/Src/stm32f4xx_hal_uart.o

.debug_line     0x0000000000000000     0xc4e2
 .debug_line    0x0000000000000000      0x954 Core/Src/main.o
 .debug_line    0x0000000000000954      0x7a9 Core/Src/stm32f4xx_hal_msp.o
 .debug_line    0x00000000000010fd      0x7a1 Core/Src/stm32f4xx_it.o
 .debug_line    0x000000000000189e      0x748 Core/Src/system_stm32f4xx.o
 .debug_line    0x0000000000001fe6       0x88 Core/Startup/startup_stm32f411retx.o
 .debug_line    0x000000000000206e      0x9ae Drivers/STM32F4xx_HAL_Driver/Src/stm32f4xx_hal.o
 .debug_line    0x0000000000002a1c      0xc5d Drivers/STM32F4xx_HAL_Driver/Src/stm32f4xx_hal_cortex.o
 .debug_line    0x0000000000003679      0xf17 Drivers/STM32F4xx_HAL_Driver/Src/stm32f4xx_hal_dma.o
 .debug_line    0x0000000000004590      0xaea Drivers/STM32F4xx_HAL_Driver/Src/stm32f4xx_hal_gpio.o
 .debug_line    0x000000000000507a      0xd2a Drivers/STM32F4xx_HAL_Driver/Src/stm32f4xx_hal_rcc.o
 .debug_line    0x0000000000005da4     0x33b4 Drivers/STM32F4xx_HAL_Driver/Src/stm32f4xx_hal_tim.o
 .debug_line    0x0000000000009158     0x1916 Drivers/STM32F4xx_HAL_Driver/Src/stm32f4xx_hal_tim_ex.o
 .debug_line    0x000000000000aa6e     0x1a74 Drivers/STM32F4xx_HAL_Driver/Src/stm32f4xx_hal_uart.o

.debug_str      0x0000000000000000    0x89ae8
 .debug_str     0x0000000000000000    0x8702d Core/Src/main.o
                                      0x873bb (size before relaxing)
 .debug_str     0x000000000008702d       0x8c Core/Src/stm32f4xx_hal_msp.o
                                      0x86d1b (size before relaxing)
 .debug_str     0x00000000000870b9       0xd5 Core/Src/stm32f4xx_it.o
                                      0x86703 (size before relaxing)
 .debug_str     0x000000000008718e       0xaf Core/Src/system_stm32f4xx.o
                                      0x86461 (size before relaxing)
 .debug_str     0x000000000008723d       0x36 Core/Startup/startup_stm32f411retx.o
                                         0x5f (size before relaxing)
 .debug_str     0x0000000000087273      0x58d Drivers/STM32F4xx_HAL_Driver/Src/stm32f4xx_hal.o
                                      0x86deb (size before relaxing)
 .debug_str     0x0000000000087800      0x399 Drivers/STM32F4xx_HAL_Driver/Src/stm32f4xx_hal_cortex.o
                                      0x86bc8 (size before relaxing)
 .debug_str     0x0000000000087b99      0x323 Drivers/STM32F4xx_HAL_Driver/Src/stm32f4xx_hal_dma.o
                                      0x86879 (size before relaxing)
 .debug_str     0x0000000000087ebc      0x15f Drivers/STM32F4xx_HAL_Driver/Src/stm32f4xx_hal_gpio.o
                                      0x86608 (size before relaxing)
 .debug_str     0x000000000008801b      0x24e Drivers/STM32F4xx_HAL_Driver/Src/stm32f4xx_hal_rcc.o
                                      0x86863 (size before relaxing)
 .debug_str     0x0000000000088269      0xda4 Drivers/STM32F4xx_HAL_Driver/Src/stm32f4xx_hal_tim.o
                                      0x87777 (size before relaxing)
 .debug_str     0x000000000008900d      0x4ee Drivers/STM32F4xx_HAL_Driver/Src/stm32f4xx_hal_tim_ex.o
                                      0x86f28 (size before relaxing)
 .debug_str     0x00000000000894fb      0x5ed Drivers/STM32F4xx_HAL_Driver/Src/stm32f4xx_hal_uart.o
                                      0x86db3 (size before relaxing)

.comment        0x0000000000000000       0x53
 .comment       0x0000000000000000       0x53 Core/Src/main.o
                                         0x54 (size before relaxing)
 .comment       0x0000000000000053       0x54 Core/Src/stm32f4xx_hal_msp.o
 .comment       0x0000000000000053       0x54 Core/Src/stm32f4xx_it.o
 .comment       0x0000000000000053       0x54 Core/Src/system_stm32f4xx.o
 .comment       0x0000000000000053       0x54 Drivers/STM32F4xx_HAL_Driver/Src/stm32f4xx_hal.o
 .comment       0x0000000000000053       0x54 Drivers/STM32F4xx_HAL_Driver/Src/stm32f4xx_hal_cortex.o
 .comment       0x0000000000000053       0x54 Drivers/STM32F4xx_HAL_Driver/Src/stm32f4xx_hal_dma.o
 .comment       0x0000000000000053       0x54 Drivers/STM32F4xx_HAL_Driver/Src/stm32f4xx_hal_gpio.o
 .comment       0x0000000000000053       0x54 Drivers/STM32F4xx_HAL_Driver/Src/stm32f4xx_hal_rcc.o
 .comment       0x0000000000000053       0x54 Drivers/STM32F4xx_HAL_Driver/Src/stm32f4xx_hal_tim.o
 .comment       0x0000000000000053       0x54 Drivers/STM32F4xx_HAL_Driver/Src/stm32f4xx_hal_tim_ex.o
 .comment       0x0000000000000053       0x54 Drivers/STM32F4xx_HAL_Driver/Src/stm32f4xx_hal_uart.o

.debug_frame    0x0000000000000000     0x3334
 .debug_frame   0x0000000000000000      0x19c Core/Src/main.o
 .debug_frame   0x000000000000019c       0xc4 Core/Src/stm32f4xx_hal_msp.o
 .debug_frame   0x0000000000000260      0x120 Core/Src/stm32f4xx_it.o
 .debug_frame   0x0000000000000380       0x58 Core/Src/system_stm32f4xx.o
 .debug_frame   0x00000000000003d8      0x374 Drivers/STM32F4xx_HAL_Driver/Src/stm32f4xx_hal.o
 .debug_frame   0x000000000000074c      0x498 Drivers/STM32F4xx_HAL_Driver/Src/stm32f4xx_hal_cortex.o
 .debug_frame   0x0000000000000be4      0x250 Drivers/STM32F4xx_HAL_Driver/Src/stm32f4xx_hal_dma.o
 .debug_frame   0x0000000000000e34      0x14c Drivers/STM32F4xx_HAL_Driver/Src/stm32f4xx_hal_gpio.o
 .debug_frame   0x0000000000000f80      0x1f0 Drivers/STM32F4xx_HAL_Driver/Src/stm32f4xx_hal_rcc.o
 .debug_frame   0x0000000000001170     0x11bc Drivers/STM32F4xx_HAL_Driver/Src/stm32f4xx_hal_tim.o
 .debug_frame   0x000000000000232c      0x638 Drivers/STM32F4xx_HAL_Driver/Src/stm32f4xx_hal_tim_ex.o
 .debug_frame   0x0000000000002964      0x924 Drivers/STM32F4xx_HAL_Driver/Src/stm32f4xx_hal_uart.o
 .debug_frame   0x0000000000003288       0x2c c:/st/stm32cubeide_1.6.0/stm32cubeide/plugins/com.st.stm32cube.ide.mcu.externaltools.gnu-tools-for-stm32.9-2020-q2-update.win32_1.5.0.202011040924/tools/bin/../lib/gcc/arm-none-eabi/9.3.1/../../../../arm-none-eabi/lib/thumb/v7e-m+fp/hard\libc_nano.a(lib_a-init.o)
 .debug_frame   0x00000000000032b4       0x20 c:/st/stm32cubeide_1.6.0/stm32cubeide/plugins/com.st.stm32cube.ide.mcu.externaltools.gnu-tools-for-stm32.9-2020-q2-update.win32_1.5.0.202011040924/tools/bin/../lib/gcc/arm-none-eabi/9.3.1/../../../../arm-none-eabi/lib/thumb/v7e-m+fp/hard\libc_nano.a(lib_a-memset.o)
 .debug_frame   0x00000000000032d4       0x2c c:/st/stm32cubeide_1.6.0/stm32cubeide/plugins/com.st.stm32cube.ide.mcu.externaltools.gnu-tools-for-stm32.9-2020-q2-update.win32_1.5.0.202011040924/tools/bin/../lib/gcc/arm-none-eabi/9.3.1/thumb/v7e-m+fp/hard\libgcc.a(_aeabi_uldivmod.o)
 .debug_frame   0x0000000000003300       0x34 c:/st/stm32cubeide_1.6.0/stm32cubeide/plugins/com.st.stm32cube.ide.mcu.externaltools.gnu-tools-for-stm32.9-2020-q2-update.win32_1.5.0.202011040924/tools/bin/../lib/gcc/arm-none-eabi/9.3.1/thumb/v7e-m+fp/hard\libgcc.a(_udivmoddi4.o)
